// Jest Snapshot v1, https://goo.gl/fbAQLP

exports[`<Input /> 1`] = `
<input
  className="sc-bdfBwQ leIcBc"
  onChange={[Function]}
  type="text"
/>
`;
